// Jest Snapshot v1, https://goo.gl/fbAQLP

exports[`<InputField /> should render correctly 1`] = `
<div
  class="mb-2"
>
  
  <input
    class="StyledInput-ok3pz6-0 buStls"
    id="id"
    value=""
  />
  <div
    class="h-4"
  />
</div>
`;
