// Jest Snapshot v1, https://goo.gl/fbAQLP

exports[`<SubmitButton /> should render correctly 1`] = `
<button
  class="StyledButton-k0ad56-0 kmtuFU"
  type="submit"
>
  <span
    class="ContentWrapper-juvto2-0 JtTDb"
  >
    click me
  </span>
</button>
`;
