// Jest Snapshot v1, https://goo.gl/fbAQLP

exports[`<Spinner /> should render correctly with default props 1`] = `
<span
  class="sc-bdVaJa ioELWI"
  color="black"
/>
`;
