// Jest Snapshot v1, https://goo.gl/fbAQLP

exports[`<InfiniteProgressBar /> should render correctly with default props 1`] = `
<div
  class="sc-bdVaJa kxYSrp"
  color="primary100"
/>
`;
